<html>
<body>
<pre>
<h1>礦ision Build Log</h1>
<h2>Tool Versions:</h2>
IDE-Version: μVision V5.14.2
Copyright (C) 2015 ARM Ltd and ARM Germany GmbH. All rights reserved.
License Information: Cortex-M3, hunanwenli, LIC=TIVFW-Q92SF-FVZ1N-YBGHW-WYZSH-TRV8Z
 
Tool Versions:
Toolchain:       MDK-ARM Standard  Version: 5.14.0.0
Toolchain Path:  D:\MDK5\ARM\ARMCC\Bin
C Compiler:      Armcc.exe V5.05 update 1 (build 106)
Assembler:       Armasm.exe V5.05 update 1 (build 106)
Linker/Locator:  ArmLink.exe V5.05 update 1 (build 106)
Library Manager: ArmAr.exe V5.05 update 1 (build 106)
Hex Converter:   FromElf.exe V5.05 update 1 (build 106)
CPU DLL:         SARMCM3.DLL V5.14.0.0
Dialog DLL:      DARMSTM.DLL V1.65.0.0
Target DLL:      STLink\ST-LINKIII-KEIL_SWO.dll V2.0.14.0_KEIL
Dialog DLL:      TARMSTM.DLL V1.64.0.0
 
<h2>Project:</h2>
C:\Users\lylwi\Desktop\32任务集\任务七\USER\ATK_ESP8266.uvprojx
Project File Date:  03/31/2021

<h2>Output:</h2>
*** Using Compiler 'V5.05 update 1 (build 106)', folder: 'D:\MDK5\ARM\ARMCC\Bin'
Rebuild target 'Target 1'
compiling main.c...
compiling stm32f10x_it.c...
compiling system_stm32f10x.c...
compiling core_cm3.c...
assembling startup_stm32f10x_hd.s...
compiling delay.c...
compiling sys.c...
compiling usart.c...
compiling 24cxx.c...
compiling myiic.c...
compiling key.c...
compiling lcd.c...
compiling led.c...
compiling sdio_sdcard.c...
compiling spi.c...
compiling timer.c...
compiling ctiic.c...
compiling ft5206.c...
compiling gt9147.c...
compiling ott2001a.c...
compiling touch.c...
compiling usart3.c...
compiling w25qxx.c...
compiling timer1.c...
compiling misc.c...
compiling stm32f10x_dma.c...
compiling stm32f10x_exti.c...
compiling stm32f10x_fsmc.c...
compiling stm32f10x_gpio.c...
compiling stm32f10x_rcc.c...
compiling stm32f10x_sdio.c...
compiling stm32f10x_spi.c...
compiling stm32f10x_tim.c...
compiling stm32f10x_usart.c...
compiling malloc.c...
compiling usmart.c...
compiling usmart_config.c...
compiling usmart_str.c...
compiling diskio.c...
compiling ff.c...
compiling exfuns.c...
compiling mycc936.c...
compiling fattester.c...
compiling fontupd.c...
compiling text.c...
compiling apsta.c...
compiling common.c...
compiling wifiap.c...
compiling wifista.c...
linking...
Program Size: Code=42714 RO-data=7710 RW-data=604 ZI-data=1091820  
FromELF: creating hex file...
"..\OBJ\ATK_ESP8266.axf" - 0 Error(s), 0 Warning(s).

<h2>Collection of Component include folders:</h2>
  C:\Users\lylwi\Desktop\32任务集\任务七\USER\RTE
  D:\MDK5\ARM\PACK\Keil\STM32F1xx_DFP\1.0.5\Device\Include

<h2>Collection of Component Files used:</h2>
</pre>
</body>
</html>
